// Jest Snapshot v1, https://goo.gl/fbAQLP

exports[`Counter component snapshot testing for Welcome component 1`] = `
<h2>
  Hi, 
  Guest
  !!!
</h2>
`;
